{"id":"foo","isDuringSearch":false,"moveInfos":[{"lcb":0.298005092,"move":"Q5","order":0,"prior":0.807857633,"pv":["Q5","R4","P4","P3"],"scoreLead":-7.09958071,"scoreMean":-7.09958071,"scoreSelfplay":-7.39323896,"scoreStdev":30.9677094,"utility":-0.233743212,"utilityLcb":-0.493854725,"visits":9,"winrate":0.390902061}],"rootInfo":{"currentPlayer":"W","scoreLead":-7.10396041,"scoreSelfplay":-7.40655398,"scoreStdev":31.0327573,"symHash":"215BAF8265F4950EC41771439410160F","thisHash":"FA2C1B0E252C40AF31EB9DEC2CCCCD34","utility":-0.237042043,"visits":10,"winrate":0.389333409},"turnNumber":2}
{"id":"foo","isDuringSearch":false,"moveInfos":[{"lcb":0.854138665,"move":"D5","order":0,"prior":0.741282105,"pv":["D5","D3","E3","E4"],"scoreLead":11.6183626,"scoreMean":11.6183626,"scoreSelfplay":18.7258885,"scoreStdev":10.3062733,"utility":0.899377298,"utilityLcb":0.517268859,"visits":7,"winrate":0.990605965},{"lcb":-0.00646167004,"move":"D4","order":1,"prior":0.212539688,"pv":["D4","D5"],"scoreLead":12.1075168,"scoreMean":12.1075168,"scoreSelfplay":23.2785435,"scoreStdev":10.3610058,"utility":1.00607297,"utilityLcb":-2.8,"visits":2,"winrate":0.99353833}],"ownership":[0.464549,0.473316,0.484825,0.494341,0.423312,0.294428,0.28823,0.415019,0.490533,0.457623,0.5961,0.508984,0.359936,0.170399,0.426512,0.544956,0.954553,0.942944,0.494643,0.360389,0.162841,0.266083,0.425069,0.350279,0.37771,0.486437,0.128301,0.061464,0.178717,0.118588,0.361638,-0.314878,0.053296,-0.127893,-0.004546,-0.067844,-0.087212,-0.261215,-0.267205,-0.278962,-0.242256,-0.180527,-0.060205,-0.187466,-0.218135,-0.252641,-0.260126,-0.362927,-0.228094],"policy":[2.03821255e-05,3.4856359e-05,3.16030346e-05,2.99580443e-05,3.42727253e-05,5.18340421e-05,3.58258912e-05,3.17821759e-05,0.000457261776,-1.0,0.00605126424,8.29307101e-05,6.73234972e-05,5.2937794e-05,3.09911884e-05,0.000109641442,-1.0,0.741282105,0.00976764783,9.5122421e-05,4.48377068e-05,3.29708564e-05,0.000213505424,0.00244775112,0.212539688,0.0220264476,8.88753202e-05,4.552678e-05,4.10314824e-05,6.14930759e-05,0.000488619204,0.00261079264,0.000278456369,5.96031168e-05,3.732615e-05,3.58930592e-05,6.11599971e-05,8.39077911e-05,6.80094672e-05,6.31798248e-05,6.10346651e-05,4.04452694e-05,3.60110025e-05,4.21054647e-05,4.28599924e-05,4.06584331e-05,3.94329945e-05,4.34808317e-05,3.23116546e-05,2.49190089e-05],"rootInfo":{"currentPlayer":"W","scoreLead":12.17316,"scoreSelfplay":21.0069585,"scoreStdev":11.1074916,"symHash":"142D62B902727ED7A147F45224109E72","thisHash":"290AC1DB39349793CE09682AF7CA6A6E","utility":0.945634355,"visits":10,"winrate":0.991746278},"turnNumber":2}
{"id":"foo","isDuringSearch":false,"moveInfos":[{"lcb":-0.261387863,"move":"D5","order":0,"prior":0.639488578,"pv":["D5","D6","D4","B6"],"scoreLead":-1.82438752,"scoreMean":-1.82438752,"scoreSelfplay":-3.08319475,"scoreStdev":12.8010972,"utility":-0.482705423,"utilityLcb":-2.06361588,"visits":6,"winrate":0.303223015},{"lcb":-0.788806327,"move":"D4","order":1,"prior":0.145510599,"pv":["D4","D5"],"scoreLead":-3.0347774,"scoreMean":-3.0347774,"scoreSelfplay":-4.62160969,"scoreStdev":12.3745447,"utility":-0.734153499,"utilityLcb":-2.8,"visits":2,"winrate":0.211193673},{"lcb":-0.93323385,"move":"D6","order":2,"prior":0.181651488,"pv":["D6"],"scoreLead":-6.10638237,"scoreMean":-6.10638237,"scoreSelfplay":-8.3871727,"scoreStdev":12.5074184,"utility":-0.983413703,"utilityLcb":-2.8,"visits":1,"winrate":0.0667661503}],"ownership":[-0.236646,-0.371831,-0.288628,-0.337276,0.043428,-0.10947,0.144086,-0.24334,-0.170242,-0.010932,-0.369343,0.046085,-0.006055,0.054102,-0.181412,-0.202258,-0.650519,0.621808,0.04587,0.140354,0.125731,-0.16916,-0.083101,-0.021259,0.226392,0.10908,0.272998,0.068424,-0.121053,0.00569,0.066157,0.068539,0.171487,0.245067,0.091283,-0.057223,0.012347,0.05805,0.109972,0.085204,0.172944,0.079595,-0.008487,-0.044805,-0.027926,-0.02161,0.008432,0.142409,0.148542],"policy":[6.62129096e-05,0.00381506979,-1.0,0.000262931193,0.000128467174,0.000164038342,0.00013773542,0.000168200873,0.00126255839,-1.0,0.181651488,0.000335660676,0.000174479908,0.000171658903,8.57888226e-05,0.00143794727,-1.0,0.639488578,0.00568948407,0.000204445751,0.000139739481,0.0001004562,0.000149872416,0.00320995413,0.145510599,0.00595798902,0.000165207006,0.00014268313,0.000113024274,0.00020593981,0.00069725432,0.00531471334,0.000634955359,0.000197769899,0.000130266926,0.000146890103,0.000142316872,0.00019490032,0.000155223825,0.000184477598,0.000155430171,0.000138984848,0.000145369981,0.0001458958,0.000113362366,0.000122577694,0.000122183672,0.000128990287,0.00012907655,5.90968993e-05],"rootInfo":{"currentPlayer":"B","scoreLead":-1.83820647,"scoreSelfplay":-2.94222507,"scoreStdev":12.9083779,"symHash":"478E9637C4E9D7DD298C5EDA99EA7431","thisHash":"90E43B353BA64F45F3186642D389E6E7","utility":-0.447593997,"visits":10,"winrate":0.315263281},"turnNumber":3}
