{"id":"empty","isDuringSearch":false,"moveInfos":[{"lcb":-0.498234592,"move":"Q3","order":0,"prior":0.0898618773,"pv":["Q3","R16"],"scoreLead":0.325059906,"scoreMean":0.325059906,"scoreSelfplay":0.232602358,"scoreStdev":30.7261325,"utility":0.00730921177,"utilityLcb":-2.8,"visits":2,"winrate":0.501765408},{"lcb":-0.506608695,"move":"R4","order":1,"prior":0.0889515132,"pv":["R4","R16"],"scoreLead":-0.162029572,"scoreMean":-0.162029572,"scoreSelfplay":-0.294099376,"scoreStdev":30.7562888,"utility":-0.0130031671,"utilityLcb":-2.8,"visits":2,"winrate":0.493391305},{"lcb":-0.507021427,"move":"Q17","order":2,"prior":0.0873468071,"pv":["Q17","D3"],"scoreLead":-0.106521487,"scoreMean":-0.106521487,"scoreSelfplay":-0.254688337,"scoreStdev":30.8649735,"utility":-0.0135474889,"utilityLcb":-2.8,"visits":2,"winrate":0.492978573},{"lcb":-0.503635392,"move":"C4","order":3,"prior":0.0860429108,"pv":["C4","R16"],"scoreLead":0.0153946877,"scoreMean":0.0153946877,"scoreSelfplay":-0.1309672,"scoreStdev":30.7448547,"utility":-0.00597513229,"utilityLcb":-2.8,"visits":2,"winrate":0.496364608},{"lcb":-0.477170095,"move":"D3","order":4,"prior":0.0843354836,"pv":["D3"],"scoreLead":0.244846955,"scoreMean":0.244846955,"scoreSelfplay":0.62315613,"scoreStdev":31.2888457,"utility":0.052025928,"utilityLcb":-2.8,"visits":1,"winrate":0.522829905}],"rootInfo":{"currentPlayer":"B","scoreLead":0.0356896948,"scoreSelfplay":-0.0768247247,"scoreStdev":30.8722074,"symHash":"47E1EBDAE69A5DED3FF8DB1FA4E91845","thisHash":"47E1EBDAE69A5DED3FF8DB1FA4E91845","utility":-0.0054410861,"visits":10,"winrate":0.49643998},"turnNumber":0}
{"id":"diag","isDuringSearch":false,"moveInfos":[{"lcb":1.4951247,"move":"R4","order":0,"prior":0.13598156,"pv":["R4","C16"],"scoreLead":0.195128627,"scoreMean":0.195128627,"scoreSelfplay":0.086697638,"scoreStdev":30.4748665,"utility":0.00392535402,"utilityLcb":2.8,"visits":2,"winrate":0.495124698},{"lcb":1.49235439,"move":"R16","order":1,"prior":0.135614738,"pv":["R16","C16"],"scoreLead":-0.0428994745,"scoreMean":-0.0428994745,"scoreSelfplay":-0.227486193,"scoreStdev":30.5887258,"utility":-0.00178817379,"utilityLcb":2.8,"visits":2,"winrate":0.492354386},{"lcb":1.49315837,"move":"Q3","order":2,"prior":0.125795498,"pv":["Q3","C16"],"scoreLead":0.0939857233,"scoreMean":0.0939857233,"scoreSelfplay":-0.0640076399,"scoreStdev":30.439864,"utility":-0.00229213189,"utilityLcb":2.8,"visits":2,"winrate":0.49315837},{"lcb":1.49204163,"move":"Q17","order":3,"prior":0.110089988,"pv":["Q17","D17"],"scoreLead":-0.00363595784,"scoreMean":-0.00363595784,"scoreSelfplay":-0.18756181,"scoreStdev":30.6477496,"utility":-0.00446203581,"utilityLcb":2.8,"visits":2,"winrate":0.492041633},{"lcb":1.47044021,"move":"D17","order":4,"prior":0.109401211,"pv":["D17"],"scoreLead":-0.0840437561,"scoreMean":-0.0840437561,"scoreSelfplay":-0.738366544,"scoreStdev":30.2250083,"utility":-0.0630612359,"utilityLcb":2.8,"visits":1,"winrate":0.470440209}],"rootInfo":{"currentPlayer":"W","scoreLead":-0.0139046755,"scoreSelfplay":-0.177116394,"scoreStdev":30.5947015,"symHash":"04463BE482B52BD708FC9C247BE1C910","thisHash":"F311E6CDDDBBBFD412598613901B8E82","utility":-0.00531336667,"visits":10,"winrate":0.492566371},"turnNumber":1}
{"id":"nosym","isDuringSearch":false,"moveInfos":[{"lcb":1.15835617,"move":"Q3","order":0,"prior":0.118342213,"pv":["Q3","C16","Q17"],"scoreLead":0.515001929,"scoreMean":0.515001929,"scoreSelfplay":0.357736548,"scoreStdev":30.3110364,"utility":0.00218936617,"utilityLcb":1.84681433,"visits":3,"winrate":0.499561543},{"lcb":1.19384833,"move":"R4","order":1,"prior":0.116534606,"pv":["R4","C16","Q17"],"scoreLead":0.588462661,"scoreMean":0.588462661,"scoreSelfplay":0.463030338,"scoreStdev":30.3624963,"utility":0.00136954426,"utilityLcb":1.94350563,"visits":3,"winrate":0.500228301},{"lcb":1.49940631,"move":"R16","order":2,"prior":0.132226482,"pv":["R16","C16"],"scoreLead":0.211923951,"scoreMean":0.211923951,"scoreSelfplay":0.1157628,"scoreStdev":30.5759083,"utility":0.0111692687,"utilityLcb":2.8,"visits":2,"winrate":0.499406308},{"lcb":1.48139274,"move":"Q17","order":3,"prior":0.104779497,"pv":["Q17"],"scoreLead":0.617871881,"scoreMean":0.617871881,"scoreSelfplay":0.0550833344,"scoreStdev":30.2995817,"utility":-0.0396446772,"utilityLcb":2.8,"visits":1,"winrate":0.481392741}],"rootInfo":{"currentPlayer":"W","scoreLead":0.459696051,"scoreSelfplay":0.337206572,"scoreStdev":30.4779549,"symHash":"225996804284D28C9BE63B2B78A822B9","thisHash":"EA50B9D8410AA7865C1548D980C2DFE8","utility":0.00404627141,"visits":10,"winrate":0.500240479},"turnNumber":1}
{"id":"rect","isDuringSearch":false,"moveInfos":[{"lcb":0.2434385,"move":"D4","order":0,"ownership":[0.254146,0.266731,0.263918,0.250928,0.221754,0.146916,0.079599,0.026212,-0.048362,-0.090355,-0.033303,0.05495,0.040818,0.255478,0.292242,0.323814,0.268209,0.241839,0.121876,0.058661,-0.061321,-0.221971,-0.191492,-0.150042,-0.051445,0.10405,0.265869,0.318161,0.262324,0.452836,0.276497,0.124941,0.043774,-0.038344,-0.184273,-0.350983,-0.060822,-0.01961,0.067234,0.269572,0.30864,0.535416,0.885542,0.349434,0.177686,0.107483,-0.053161,-0.24907,-0.803108,0.126177,-0.095423,0.083353,0.254995,0.279278,0.305304,0.487553,0.276699,0.110417,0.058127,-0.040239,-0.210364,-0.263047,-0.070079,0.020649,0.083118,0.228882,0.24818,0.269939,0.264332,0.266018,0.114733,0.105198,0.00101,-0.14841,-0.200326,-0.088134,-0.031219,0.070727,0.199337,0.245408,0.240365,0.207734,0.191372,0.168319,0.113405,0.058721,-0.013106,-0.041911,-0.014375,-0.005675,0.024857],"prior":0.418295652,"pv":["D4","K4","L4","L3"],"scoreLead":-0.408226453,"scoreMean":-0.408226453,"scoreSelfplay":-0.399572364,"scoreStdev":13.7689222,"utility":-0.0707771231,"utilityLcb":-0.690654633,"visits":5,"winrate":0.464823325},{"lcb":-0.205715791,"move":"K4","order":1,"ownership":[-0.037945,-0.078862,-0.176518,-0.155932,-0.133933,-0.040356,0.060427,0.138105,0.223308,0.265881,0.255873,0.276609,0.237652,-0.107532,-0.101815,-0.20132,-0.150254,-0.141704,-0.016514,0.092368,0.197405,0.271989,0.29097,0.300358,0.254302,0.274836,-0.098239,-0.183439,-0.180703,-0.370055,-0.176877,0.03183,0.137958,0.230339,0.375233,0.454632,0.280575,0.240704,0.232903,-0.118765,-0.119659,-0.28828,-0.786037,-0.185085,0.035661,0.263955,0.284162,0.347823,0.935282,0.420958,0.228687,0.210857,-0.106511,-0.138832,-0.252222,-0.351738,-0.213734,0.037681,0.111003,0.212714,0.388444,0.475051,0.300445,0.248541,0.227876,-0.119709,-0.076098,-0.160041,-0.117079,-0.129153,-0.031736,0.030848,0.099874,0.262068,0.241879,0.294943,0.223086,0.241818,-0.081131,-0.081921,-0.105073,-0.068938,-0.050218,-0.015961,0.059982,0.146328,0.215539,0.228828,0.250735,0.317583,0.269843],"prior":0.453190506,"pv":["K4","D4","C4","C3"],"scoreLead":-0.391783083,"scoreMean":-0.391783083,"scoreSelfplay":-0.387689605,"scoreStdev":13.4051431,"utility":-0.079704608,"utilityLcb":-1.94032011,"visits":4,"winrate":0.458789747}],"ownership":[0.130611,0.120312,0.090857,0.084644,0.079169,0.070045,0.066982,0.063753,0.053632,0.047008,0.077238,0.134949,0.118918,0.108693,0.122775,0.11337,0.100621,0.089853,0.067978,0.070459,0.042203,-0.018671,0.003498,0.036079,0.074942,0.163233,0.115261,0.117722,0.101052,0.13898,0.112904,0.090926,0.08138,0.074002,0.056679,-0.009159,0.091565,0.086025,0.130262,0.107546,0.132643,0.2018,0.223858,0.133618,0.11336,0.153166,0.076456,-8.3e-05,-0.091033,0.22519,0.031385,0.125411,0.10933,0.112889,0.09767,0.15533,0.092982,0.080662,0.075941,0.062656,0.042018,0.035122,0.081199,0.106762,0.131944,0.090772,0.104139,0.098907,0.109497,0.106606,0.055629,0.070939,0.039149,0.015584,-0.021526,0.060534,0.060333,0.128255,0.091619,0.107096,0.10074,0.096429,0.092503,0.089136,0.083849,0.083302,0.070481,0.059794,0.082418,0.111599,0.116114],"rootInfo":{"currentPlayer":"B","scoreLead":-0.286525991,"scoreSelfplay":-0.300054826,"scoreStdev":13.7599602,"symHash":"8BC74662B7D456891A877976DC0B2EB9","thisHash":"DE70617C4887C4CBA28CD3DD04E37C5B","utility":-0.0622797759,"visits":10,"winrate":0.468294372},"turnNumber":0}
{"id":"rect2","isDuringSearch":false,"moveInfos":[{"lcb":0.271782823,"move":"D10","order":0,"ownership":[0.237297,0.257046,0.258254,0.242828,0.235002,0.264099,0.250864,0.247629,0.264855,0.316107,0.302588,0.296181,0.289553,0.274662,0.261954,0.313885,0.245702,0.44817,0.251274,0.304842,0.221135,0.252796,0.271511,0.477974,0.880398,0.441801,0.296811,0.222972,0.214377,0.208911,0.256573,0.317067,0.26844,0.219971,0.170653,0.15147,0.134336,0.0892,0.139331,0.119791,0.112039,0.135315,0.077297,0.058946,0.02491,0.087583,0.035085,0.084712,0.082468,0.013852,-0.041944,-0.074266,-0.070868,-0.062151,-0.013775,0.02593,-0.039236,-0.18312,-0.232222,-0.29617,-0.240412,-0.184561,-0.040632,-0.058707,-0.206944,-0.28455,-0.844193,-0.340429,-0.250125,-0.09295,-0.085796,-0.14624,-0.213852,0.079288,-0.226846,-0.113831,-0.015637,0.030339,-0.084505,-0.011438,-0.195315,0.020745,-0.07497,0.004249,-0.003275,0.114673,0.092842,0.08621,0.090378,0.073495,0.042271],"prior":0.474613309,"pv":["D10","D4","D3","E3","C3"],"scoreLead":-0.398871889,"scoreMean":-0.398871889,"scoreSelfplay":-0.355781758,"scoreStdev":13.8190115,"utility":-0.0830311205,"utilityLcb":-0.623817241,"visits":6,"winrate":0.464920724},{"lcb":-1.3500867,"move":"D4","order":1,"ownership":[0.113633,0.129905,0.020581,0.022184,-0.002231,0.044042,0.039046,0.079086,0.142643,-0.077201,0.038991,-0.107754,0.024507,0.066307,0.075855,-0.049998,-0.258501,-0.288057,-0.207072,-0.004318,0.007751,0.081994,-0.021394,-0.241746,-0.355983,-0.24279,-0.047204,0.010247,0.073225,-0.032604,-0.22405,-0.209752,-0.191759,-0.082502,0.035619,0.101394,0.019593,-0.105323,-0.047786,-0.098599,-0.064177,0.093017,0.144323,0.083522,0.056927,0.075736,0.013354,0.009448,0.147933,0.201187,0.122695,0.119211,0.115491,0.067369,0.128243,0.196841,0.286662,0.283755,0.247118,0.326196,0.277911,0.291006,0.245799,0.298069,0.280349,0.480308,0.905084,0.465138,0.314908,0.251287,0.260522,0.26365,0.284726,0.53629,0.310227,0.330765,0.211894,0.199471,0.234271,0.274696,0.283518,0.348854,0.224454,0.172668,0.231538,0.21069,0.226551,0.223032,0.19776,0.134713,0.117687],"prior":0.390394628,"pv":["D4","D10","D11"],"scoreLead":-0.2890075,"scoreMean":-0.2890075,"scoreSelfplay":-0.663508654,"scoreStdev":13.4369072,"utility":-0.111874566,"utilityLcb":-5.18631721,"visits":3,"winrate":0.462214241}],"ownership":[0.196718,0.214216,0.203107,0.183707,0.184754,0.211289,0.20266,0.200622,0.215055,0.223312,0.231241,0.211982,0.227722,0.218563,0.205513,0.223659,0.153495,0.28552,0.167234,0.228257,0.172241,0.200601,0.198089,0.319363,0.591494,0.290358,0.213885,0.170967,0.173304,0.150052,0.164373,0.203213,0.177438,0.154426,0.135995,0.132795,0.103212,0.055642,0.09778,0.076492,0.076635,0.117938,0.086824,0.059135,0.033476,0.079266,0.031982,0.069625,0.087392,0.051612,-0.005059,-0.021203,-0.024476,-0.023514,0.020846,0.055619,0.029447,-0.076304,-0.102239,-0.145606,-0.103347,-0.073543,0.019527,0.016139,-0.094057,-0.100508,-0.431999,-0.14838,-0.120857,-0.017413,-0.007834,-0.050146,-0.08338,0.155588,-0.095689,-0.019218,0.03003,0.066476,-0.023428,0.048372,-0.089144,0.084838,-0.013823,0.034622,0.051419,0.121358,0.113786,0.1066,0.106437,0.085476,0.061192],"rootInfo":{"currentPlayer":"B","scoreLead":-0.231624155,"scoreSelfplay":-0.326487681,"scoreStdev":13.8481068,"symHash":"8BC74662B7D456891A877976DC0B2EB9","thisHash":"8BC74662B7D456891A877976DC0B2EB9","utility":-0.0756290299,"visits":10,"winrate":0.471291655},"turnNumber":0}
